// Jest Snapshot v1, https://goo.gl/fbAQLP

exports[`Pruebas en el <TodoApp /> se debe de mostrar correctamente 1`] = `
<div>
  <h1>
    TodoApp (
    0
    ) 
  </h1>
  <hr />
  <div
    className="row"
  >
    <div
      className="col-7"
    >
      <TodoList
        handleDelete={[Function]}
        handleToggle={[Function]}
        todos={Array []}
      />
    </div>
    <div
      className="col"
    >
      <TodoAdd
        handleAddTodo={[Function]}
      />
    </div>
  </div>
</div>
`;
