// Jest Snapshot v1, https://goo.gl/fbAQLP

exports[`pruebas en multiple cuntom hooks debe de mostrarse correctmante 1`] = `
<div>
  <h1>
    BreakingBad Quotes!!!
  </h1>
  <hr />
  <div
    className="alert alert-info"
  >
    Loading ...
  </div>
  <button
    className="btn btn-primary"
    onClick={[Function]}
  >
    Siguiente quote
  </button>
</div>
`;
