// Jest Snapshot v1, https://goo.gl/fbAQLP

exports[`Pruebas en componente <HookApp /> debe de mostrar <HookApp /> correctamtne 1`] = `
<Fragment>
  <h1>
    Hola Mundo
  </h1>
</Fragment>
`;
